// Jest Snapshot v1, https://goo.gl/fbAQLP

exports[`Client should call remote first function 1`] = `"Function testrpc is not registered"`;

exports[`Client should call remote last function 1`] = `"Function testrpc is not registered"`;

exports[`Client should call remote random function 1`] = `"Function testrpc is not registered"`;

exports[`Client should not be able to register different function type 1`] = `"Can't register a new function under the testrpc with this invoke value."`;

exports[`Client should not be able to register different function type 2`] = `"Function testrpc already exists"`;

exports[`Client should not be able to register different function type 3`] = `"Function testrpc is not registered"`;
